// Jest Snapshot v1, https://goo.gl/fbAQLP

exports[`Not Found renders correctly 1`] = `
<div>
  Not Found.
</div>
`;
